javac : java\ReservationCon
troller.java:38: error: 
cannot find symbol
Au caractère Ligne:1 : 1
+ javac -parameters -cp "..
\Framework\lib\servlet-api.
jar;framework.jar ...
+ ~~~~~~~~~~~~~~~~~~~~~~~~~
~~~~~~~~~~~~~~~~~~~~~~~~~~~
~~~~~~~~~~~~~~~~~
    + CategoryInfo         
     : NotSpecified: (jav  
  a\Reservatio...not fin   
 d symbol:String) [], R    
emoteException
    + FullyQualifiedErrorI 
   d : NativeCommandError
 
    private static 
LocalDateTime computeEffect
iveDepart(LocalDateTime 
windowStart, 
List<ReservationRow> 
reservationsInTrip) {
                           
                           
                           
       ^
  symbol:   class 
ReservationRow
  location: class 
ReservationController
java\ReservationController.
java:67: error: cannot 
find symbol
    private static 
List<ReservationWindow> bui
ldPendingWindows(List<Reser
vationRow> pending) {
                           
                           
              ^
  symbol:   class 
ReservationRow
  location: class 
ReservationController
java\ReservationController.
java:112: error: cannot 
find symbol
    private static 
List<VehicleTrip> buildVehi
cleTripsFromAssignedRows(Li
st<ReservationRow> 
assignedForVehicle) {
                           
                           
                      ^
  symbol:   class 
ReservationRow
  location: class 
ReservationController
java\ReservationController.
java:274: error: cannot 
find symbol
    public 
List<ReservationRow> 
apiList() {
                ^
  symbol:   class 
ReservationRow
  location: class 
ReservationController
java\ReservationController.
java:722: error: cannot 
find symbol
    private static void rem
oveFromUnassignedBySlot(Map
<String, 
List<ReservationRow>> 
unassignedBySlot, int 
reservationId) {
                           
                           
              ^
  symbol:   class 
ReservationRow
  location: class 
ReservationController
java\ReservationController.
java:730: error: cannot 
find symbol
    private 
List<Map<String, Object>> g
etAssignedReservationsForDa
te(LocalDate date, 
List<VoitureRow> 
allVehicles) {
                           
                           
                           
         ^
  symbol:   class 
VoitureRow
  location: class 
ReservationController
java\ReservationController.
java:826: error: cannot 
find symbol
    private 
List<ReservationRow> getUna
ssignedReservationsForDate(
LocalDate date) {
                 ^
  symbol:   class 
ReservationRow
  location: class 
ReservationController
java\ReservationController.
java:858: error: cannot 
find symbol
    private static 
List<VoitureRow> 
listAllVehicles() {
                        ^
  symbol:   class 
VoitureRow
  location: class 
ReservationController
java\ReservationController.
java:897: error: cannot 
find symbol
    private static 
List<VoitureRow> filterMinT
ripPool(List<VoitureRow> 
candidates, Map<Integer, 
Integer> 
tripCountByVehicle) {
                           
                           
     ^
  symbol:   class 
VoitureRow
  location: class 
ReservationController
java\ReservationController.
java:897: error: cannot 
find symbol
    private static 
List<VoitureRow> filterMinT
ripPool(List<VoitureRow> 
candidates, Map<Integer, 
Integer> 
tripCountByVehicle) {
                        ^
  symbol:   class 
VoitureRow
  location: class 
ReservationController
java\ReservationController.
java:913: error: cannot 
find symbol
    private static int carb
RankDieselFirstForMax(Voitu
reRow v) {
                           
                      ^
  symbol:   class 
VoitureRow
  location: class 
ReservationController
java\ReservationController.
java:918: error: cannot 
find symbol
    private static int carb
RankDieselFirstForMin(Voitu
reRow v) {
                           
                      ^
  symbol:   class 
VoitureRow
  location: class 
ReservationController
java\ReservationController.
java:923: error: cannot 
find symbol
    private static 
VoitureRow findVehicleForNe
wBin(List<VoitureRow> 
allVehicles, Set<Integer> 
usedVehicleIdsInSlot, int 
passengers, List<Integer> 
remainingPassengers, 
Map<Integer, Integer> 
tripCountByVehicle) {
                           
                           
  ^
  symbol:   class 
VoitureRow
  location: class 
ReservationController
java\ReservationController.
java:923: error: cannot 
find symbol
    private static 
VoitureRow findVehicleForNe
wBin(List<VoitureRow> 
allVehicles, Set<Integer> 
usedVehicleIdsInSlot, int 
passengers, List<Integer> 
remainingPassengers, 
Map<Integer, Integer> 
tripCountByVehicle) {
                   ^
  symbol:   class 
VoitureRow
  location: class 
ReservationController
java\ReservationController.
java:974: error: cannot 
find symbol
    private static 
Map<Integer, String> comput
eSequentialArrivals(LocalDa
teTime depart, 
List<ReservationRow> 
orderedStops) {
                           
                           
                           
            ^
  symbol:   class 
ReservationRow
  location: class 
ReservationController
java\ReservationController.
java:990: error: cannot 
find symbol
    private static String c
omputeReturnToAirport(Local
DateTime depart, 
List<ReservationRow> 
orderedStops) {
                           
                           
                      ^
  symbol:   class 
ReservationRow
  location: class 
ReservationController
java\ReservationController.
java:994: error: cannot 
find symbol
    private static 
LocalDateTime computeReturn
ToAirportDateTime(LocalDate
Time depart, 
List<ReservationRow> 
orderedStops) {
                           
                           
                           
          ^
  symbol:   class 
ReservationRow
  location: class 
ReservationController
java\ReservationController.
java:1420: error: cannot 
find symbol
    private static 
VoitureRow findVehicleForNe
wBinWithSplit(List<VoitureR
ow> allVehicles, 
Set<Integer> 
usedVehicleIdsInSlot, int 
remainingPassengers, 
List<Integer> 
remainingPassengersList, 
Map<Integer, Integer> 
tripCountByVehicle, 
boolean preferFullFit) {
                           
                           
           ^
  symbol:   class 
VoitureRow
  location: class 
ReservationController
java\ReservationController.
java:1420: error: cannot 
find symbol
    private static 
VoitureRow findVehicleForNe
wBinWithSplit(List<VoitureR
ow> allVehicles, 
Set<Integer> 
usedVehicleIdsInSlot, int 
remainingPassengers, 
List<Integer> 
remainingPassengersList, 
Map<Integer, Integer> 
tripCountByVehicle, 
boolean preferFullFit) {
                   ^
  symbol:   class 
VoitureRow
  location: class 
ReservationController
java\ReservationController.
java:1279: error: cannot 
find symbol
        final 
ReservationRow reservation;
              ^
  symbol:   class 
ReservationRow
  location: class 
PendingDemand
java\ReservationController.
java:1283: error: cannot 
find symbol
        PendingDemand(Reser
vationRow reservation, int 
remaining, boolean 
isRemainder) {
                      ^
  symbol:   class 
ReservationRow
  location: class 
PendingDemand
java\ReservationController.
java:1236: error: cannot 
find symbol
        final VoitureRow 
vehicle;
              ^
  symbol:   class 
VoitureRow
  location: class 
VehicleBin
java\ReservationController.
java:1240: error: cannot 
find symbol
        
VehicleBin(VoitureRow 
vehicle) {
                   ^
  symbol:   class 
VoitureRow
  location: class 
VehicleBin
java\ReservationController.
java:1244: error: cannot 
find symbol
        void 
add(ReservationRow r) {
                 ^
  symbol:   class 
ReservationRow
  location: class 
VehicleBin
java\ReservationController.
java:1248: error: cannot 
find symbol
        void addAllocation(
ReservationRow r, int 
nbAffectes) {
                           
^
  symbol:   class 
ReservationRow
  location: class 
VehicleBin
java\ReservationController.
java:1269: error: cannot 
find symbol
        final 
ReservationRow reservation;
              ^
  symbol:   class 
ReservationRow
  location: class 
ReservationAllocation
java\ReservationController.
java:1272: error: cannot 
find symbol
        ReservationAllocati
on(ReservationRow 
reservation, int 
nbAffectes) {
                           
   ^
  symbol:   class 
ReservationRow
  location: class 
ReservationAllocation
java\ReservationController.
java:1230: error: cannot 
find symbol
        ReservationRow 
toReservationRow() {
        ^
  symbol:   class 
ReservationRow
  location: class 
AssignedReservation
java\ReservationController.
java:104: error: cannot 
find symbol
        final 
List<ReservationRow> 
reservations;
                   ^
  symbol:   class 
ReservationRow
  location: class 
VehicleTrip
java\ReservationController.
java:106: error: cannot 
find symbol
        
VehicleTrip(LocalDateTime 
windowStart, 
List<ReservationRow> 
reservations) {
                           
                         ^
  symbol:   class 
ReservationRow
  location: class 
VehicleTrip
java\ReservationController.
java:59: error: cannot 
find symbol
        final 
List<ReservationRow> 
reservations;
                   ^
  symbol:   class 
ReservationRow
  location: class 
ReservationWindow
java\ReservationController.
java:61: error: cannot 
find symbol
        ReservationWindow(L
ocalDateTime windowStart, 
List<ReservationRow> 
reservations) {
                           
                           
    ^
  symbol:   class 
ReservationRow
  location: class 
ReservationWindow
java\ReservationController.
java:42: error: cannot 
find symbol
        for 
(ReservationRow r : 
reservationsInTrip) {
             ^
  symbol:   class 
ReservationRow
  location: class 
ReservationController
java\ReservationController.
java:71: error: cannot 
find symbol
        
List<ReservationRow> 
sorted = new 
ArrayList<>(pending);
             ^
  symbol:   class 
ReservationRow
  location: class 
ReservationController
java\ReservationController.
java:73: error: cannot 
find symbol
                
.comparing((ReservationRow 
r) -> LocalDateTime.parse(r
.getDate_heure_arrive()))
                           
 ^
  symbol:   class 
ReservationRow
  location: class 
ReservationController
java\ReservationController.
java:74: error: cannot 
find symbol
                .thenCompar
ingInt(ReservationRow::getI
d));
                           
       ^
  symbol:   variable 
ReservationRow
  location: class 
ReservationController
java\ReservationController.
java:79: error: cannot 
find symbol
            ReservationRow 
first = sorted.get(i);
            ^
  symbol:   class 
ReservationRow
  location: class 
ReservationController
java\ReservationController.
java:83: error: cannot 
find symbol
            
List<ReservationRow> group 
= new ArrayList<>();
                 ^
  symbol:   class 
ReservationRow
  location: class 
ReservationController
java\ReservationController.
java:87: error: cannot 
find symbol
                
ReservationRow r = 
sorted.get(i);
                ^
  symbol:   class 
ReservationRow
  location: class 
ReservationController
java\ReservationController.
java:116: error: cannot 
find symbol
        
List<ReservationRow> 
sorted = new ArrayList<>(as
signedForVehicle);
             ^
  symbol:   class 
ReservationRow
  location: class 
ReservationController
java\ReservationController.
java:118: error: cannot 
find symbol
                
.comparing((ReservationRow 
r) -> LocalDateTime.parse(r
.getDate_heure_arrive()))
                           
 ^
  symbol:   class 
ReservationRow
  location: class 
ReservationController
java\ReservationController.
java:119: error: cannot 
find symbol
                .thenCompar
ingInt(ReservationRow::getI
d));
                           
       ^
  symbol:   variable 
ReservationRow
  location: class 
ReservationController
java\ReservationController.
java:124: error: cannot 
find symbol
            ReservationRow 
first = sorted.get(i);
            ^
  symbol:   class 
ReservationRow
  location: class 
ReservationController
java\ReservationController.
java:128: error: cannot 
find symbol
            
List<ReservationRow> group 
= new ArrayList<>();
                 ^
  symbol:   class 
ReservationRow
  location: class 
ReservationController
java\ReservationController.
java:132: error: cannot 
find symbol
                
ReservationRow r = 
sorted.get(i);
                ^
  symbol:   class 
ReservationRow
  location: class 
ReservationController
java\ReservationController.
java:275: error: cannot 
find symbol
        
List<ReservationRow> rows 
= new ArrayList<>();
             ^
  symbol:   class 
ReservationRow
  location: class 
ReservationController
java\ReservationController.
java:293: error: cannot 
find symbol
                
rows.add(new 
ReservationRow(
                           
  ^
  symbol:   class 
ReservationRow
  location: class 
ReservationController
java\ReservationController.
java:316: error: cannot 
find symbol
        List<VoitureRow> 
vehicles = 
listAllVehicles();
             ^
  symbol:   class 
VoitureRow
  location: class 
ReservationController
java\ReservationController.
java:322: error: cannot 
find symbol
        
List<ReservationRow> 
unassigned = getUnassignedR
eservationsForDate(date);
             ^
  symbol:   class 
ReservationRow
  location: class 
ReservationController
java\ReservationController.
java:324: error: cannot 
find symbol
        Map<String, 
List<ReservationRow>> 
unassignedBySlot = new 
LinkedHashMap<>();
                         ^
  symbol:   class 
ReservationRow
  location: class 
ReservationController
java\ReservationController.
java:327: error: cannot 
find symbol
        List<VoitureRow> 
unusedVehicles = new 
ArrayList<>(vehicles);
             ^
  symbol:   class 
VoitureRow
  location: class 
ReservationController
java\ReservationController.
java:330: error: cannot 
find symbol
                VoitureRow 
vDetails = (VoitureRow) tri
p.get("vehiculeDetails");
                ^
  symbol:   class 
VoitureRow
  location: class 
ReservationController
java\ReservationController.
java:330: error: cannot 
find symbol
                VoitureRow 
vDetails = (VoitureRow) tri
p.get("vehiculeDetails");
                           
            ^
  symbol:   class 
VoitureRow
  location: class 
ReservationController
java\ReservationController.
java:353: error: cannot 
find symbol
        
List<ReservationRow> 
pendingReservations = getUn
assignedReservationsForDate
(date);
             ^
  symbol:   class 
ReservationRow
  location: class 
ReservationController
java\ReservationController.
java:356: error: cannot 
find symbol
        List<VoitureRow> 
vehicles = 
listAllVehicles();
             ^
  symbol:   class 
VoitureRow
  location: class 
ReservationController
java\ReservationController.
java:360: error: cannot 
find symbol
        
List<ReservationRow> 
unassigned = new 
ArrayList<>();
             ^
  symbol:   class 
ReservationRow
  location: class 
ReservationController
java\ReservationController.
java:361: error: cannot 
find symbol
        Map<String, 
List<ReservationRow>> 
unassignedBySlot = new 
LinkedHashMap<>();
                         ^
  symbol:   class 
ReservationRow
  location: class 
ReservationController
java\ReservationController.
java:367: error: cannot 
find symbol
        Map<Integer, 
VoitureRow> vehicleById = 
vehicles.stream()
                     ^
  symbol:   class 
VoitureRow
  location: class 
ReservationController
java\ReservationController.
java:368: error: cannot 
find symbol
                .collect(Co
llectors.toMap(VoitureRow::
getId, v -> v));
                           
               ^
  symbol:   variable 
VoitureRow
  location: class 
ReservationController
java\ReservationController.
java:374: error: cannot 
find symbol
            VoitureRow v = 
vehicleById.get(ar.idVoitur
e);
            ^
  symbol:   class 
VoitureRow
  location: class 
ReservationController
java\ReservationController.
java:384: error: cannot 
find symbol
        for (VoitureRow v 
: vehicles) {
             ^
  symbol:   class 
VoitureRow
  location: class 
ReservationController
java\ReservationController.
java:412: error: cannot 
find symbol
        for (VoitureRow v 
: vehicles) {
             ^
  symbol:   class 
VoitureRow
  location: class 
ReservationController
java\ReservationController.
java:424: error: cannot 
find symbol
                
Map<Integer, 
List<ReservationRow>> 
perVehicle = new 
HashMap<>();
                           
       ^
  symbol:   class 
ReservationRow
  location: class 
ReservationController
java\ReservationController.
java:433: error: cannot 
find symbol
                    
List<ReservationRow> 
ordered = new ArrayList<>(p
erVehicle.getOrDefault(vehI
d, 
Collections.emptyList()));
                         ^
  symbol:   class 
ReservationRow
  location: class 
ReservationController
java\ReservationController.
java:435: error: cannot 
find symbol
                           
 .comparingInt((Reservation
Row r) -> distanceFromAirpo
rtKm(r.getId_lieu()))
                           
                ^
  symbol:   class 
ReservationRow
  location: class 
ReservationController
java\ReservationController.
java:436: error: cannot 
find symbol
                           
 .thenComparing(Reservation
Row::getLieu_nom, Comparato
r.nullsLast(String::compare
ToIgnoreCase))
                           
                ^
  symbol:   variable 
ReservationRow
  location: class 
ReservationController
java\ReservationController.
java:437: error: cannot 
find symbol
                           
 .thenComparingInt(Reservat
ionRow::getId));
                           
                   ^
  symbol:   variable 
ReservationRow
  location: class 
ReservationController
java\ReservationController.
java:451: error: cannot 
find symbol
        for 
(ReservationRow r : 
pendingReservations) {
             ^
  symbol:   class 
ReservationRow
  location: class 
ReservationController
java\ReservationController.
java:491: error: cannot 
find symbol
                           
 VoitureRow vCurrent = 
vehicleById.get(vid);
                           
 ^
  symbol:   class 
VoitureRow
  location: class 
ReservationController
java\ReservationController.
java:492: error: cannot 
find symbol
                           
 VoitureRow vBest = vehicle
ById.get(bestVehicleId);
                           
 ^
  symbol:   class 
VoitureRow
  location: class 
ReservationController
java\ReservationController.
java:500: error: cannot 
find symbol
                    
VoitureRow v = vehicleById.
get(bestVehicleId);
                    ^
  symbol:   class 
VoitureRow
  location: class 
ReservationController
java\ReservationController.
java:584: error: cannot 
find symbol
                    
List<ReservationRow> 
ordered = new 
ArrayList<>();
                         ^
  symbol:   class 
ReservationRow
  location: class 
ReservationController
java\ReservationController.
java:589: error: cannot 
find symbol
                           
 .comparingInt((Reservation
Row r) -> distanceFromAirpo
rtKm(r.getId_lieu()))
                           
                ^
  symbol:   class 
ReservationRow
  location: class 
ReservationController
java\ReservationController.
java:590: error: cannot 
find symbol
                           
 .thenComparing(Reservation
Row::getLieu_nom, Comparato
r.nullsLast(String::compare
ToIgnoreCase))
                           
                ^
  symbol:   variable 
ReservationRow
  location: class 
ReservationController
java\ReservationController.
java:591: error: cannot 
find symbol
                           
 .thenComparingInt(Reservat
ionRow::getId));
                           
                   ^
  symbol:   variable 
ReservationRow
  location: class 
ReservationController
java\ReservationController.
java:627: error: cannot 
find symbol
                    for 
(ReservationRow stop : 
ordered) {
                         ^
  symbol:   class 
ReservationRow
  location: class 
ReservationController
java\ReservationController.
java:677: error: cannot 
find symbol
        
List<ReservationRow> 
finalUnassigned = getUnassi
gnedReservationsForDate(dat
e);
             ^
  symbol:   class 
ReservationRow
  location: class 
ReservationController
java\ReservationController.
java:679: error: cannot 
find symbol
        for 
(ReservationRow r : 
finalUnassigned) {
             ^
  symbol:   class 
ReservationRow
  location: class 
ReservationController
java\ReservationController.
java:683: error: cannot 
find symbol
        for 
(Map.Entry<String, 
List<ReservationRow>> e : u
nassignedBySlot.entrySet())
 {
                           
         ^
  symbol:   class 
ReservationRow
  location: class 
ReservationController
java\ReservationController.
java:684: error: cannot 
find symbol
            
List<ReservationRow> rows 
= e.getValue();
                 ^
  symbol:   class 
ReservationRow
  location: class 
ReservationController
java\ReservationController.
java:686: error: cannot 
find symbol
            
Iterator<ReservationRow> 
it = rows.iterator();
                     ^
  symbol:   class 
ReservationRow
  location: class 
ReservationController
java\ReservationController.
java:688: error: cannot 
find symbol
                
ReservationRow r = 
it.next();
                ^
  symbol:   class 
ReservationRow
  location: class 
ReservationController
java\ReservationController.
java:707: error: cannot 
find symbol
            VoitureRow v = 
(VoitureRow) trip.get("vehi
culeDetails");
            ^
  symbol:   class 
VoitureRow
  location: class 
ReservationController
java\ReservationController.
java:707: error: cannot 
find symbol
            VoitureRow v = 
(VoitureRow) trip.get("vehi
culeDetails");
                           
 ^
  symbol:   class 
VoitureRow
  location: class 
ReservationController
java\ReservationController.
java:710: error: cannot 
find symbol
        List<VoitureRow> 
unusedVehicles = 
vehicles.stream()
             ^
  symbol:   class 
VoitureRow
  location: class 
ReservationController
java\ReservationController.
java:724: error: cannot 
find symbol
        for 
(List<ReservationRow> rows 
: 
unassignedBySlot.values()) 
{
                  ^
  symbol:   class 
ReservationRow
  location: class 
ReservationController
java\ReservationController.
java:731: error: cannot 
find symbol
        Map<Integer, 
VoitureRow> vehicleById = 
allVehicles.stream()
                     ^
  symbol:   class 
VoitureRow
  location: class 
ReservationController
java\ReservationController.
java:732: error: cannot 
find symbol
                .collect(Co
llectors.toMap(VoitureRow::
getId, v -> v));
                           
               ^
  symbol:   variable 
VoitureRow
  location: class 
ReservationController
java\ReservationController.
java:753: error: cannot 
find symbol
                    
VoitureRow vehicle = 
vehicleById.get(vehicleId);
                    ^
  symbol:   class 
VoitureRow
  location: class 
ReservationController
java\ReservationController.
java:787: error: cannot 
find symbol
                
.thenComparing(m -> 
((VoitureRow) m.get("vehicu
leDetails")).getId())
                           
           ^
  symbol:   class 
VoitureRow
  location: class 
ReservationController
java\ReservationController.
java:827: error: cannot 
find symbol
        
List<ReservationRow> list 
= new ArrayList<>();
             ^
  symbol:   class 
ReservationRow
  location: class 
ReservationController
java\ReservationController.
java:849: error: cannot 
find symbol
                    
list.add(new 
ReservationRow(id, 
idClient, nb, dateHeure, 
idLieu, lieuNom));
                           
      ^
  symbol:   class 
ReservationRow
  location: class 
ReservationController
java\ReservationController.
java:859: error: cannot 
find symbol
        List<VoitureRow> 
rows = new ArrayList<>();
             ^
  symbol:   class 
VoitureRow
  location: class 
ReservationController
java\ReservationController.
java:867: error: cannot 
find symbol
                
rows.add(new VoitureRow(
                           
  ^
  symbol:   class 
VoitureRow
  location: class 
ReservationController
java\ReservationController.
java:901: error: cannot 
find symbol
        for (VoitureRow v 
: candidates) {
             ^
  symbol:   class 
VoitureRow
  location: class 
ReservationController
java\ReservationController.
java:906: error: cannot 
find symbol
        List<VoitureRow> 
minTripPool = 
candidates.stream()
             ^
  symbol:   class 
VoitureRow
  location: class 
ReservationController
java\ReservationController.
java:924: error: cannot 
find symbol
        List<VoitureRow> 
candidates = 
allVehicles.stream()
             ^
  symbol:   class 
VoitureRow
  location: class 
ReservationController
java\ReservationController.
java:932: error: cannot 
find symbol
        for (VoitureRow v 
: candidates) {
             ^
  symbol:   class 
VoitureRow
  location: class 
ReservationController
java\ReservationController.
java:936: error: cannot 
find symbol
        List<VoitureRow> 
pool = candidates;
             ^
  symbol:   class 
VoitureRow
  location: class 
ReservationController
java\ReservationController.
java:939: error: cannot 
find symbol
        for (VoitureRow v 
: pool) {
             ^
  symbol:   class 
VoitureRow
  location: class 
ReservationController
100 errors
only showing the first 100 
errors, of 121 total; use 
-Xmaxerrs if you would 
like to see more
